overview Light: stable=True/True painted=848166 base=198611 other-base=0 green=0 | slot 87 colours 607506px over 1 colours 0px (slot 788x1028)
tokens Light: stable=True/True painted=848166 base=197487 other-base=0 green=0 | slot 231 colours 1531859px over 1 colours 0px (slot 788x2112)
materials Light: stable=True/True painted=848166 base=256758 other-base=0 green=0 | slot 48 colours 338822px over 1 colours 0px (slot 788x618)
motion Light: stable=True/True painted=848166 base=197024 other-base=0 green=0 | slot 67 colours 182017px over 1 colours 0px (slot 788x569)
buttons Light: stable=True/True painted=848166 base=197033 other-base=0 green=0 | slot 130 colours 510585px over 1 colours 0px (slot 788x1046)
inputs Light: stable=True/True painted=848166 base=197460 other-base=0 green=0 | slot 284 colours 1268083px over 1 colours 0px (slot 788x2011)
selection Light: stable=True/True painted=848166 base=197025 other-base=0 green=0 | slot 253 colours 1409709px over 1 colours 0px (slot 788x2918)
navigation Light: stable=True/True painted=848166 base=197032 other-base=0 green=0 | slot 156 colours 1013316px over 1 colours 0px (slot 788x1733)
surfaces Light: stable=True/True painted=848166 base=197851 other-base=0 green=0 | slot 178 colours 965255px over 1 colours 0px (slot 788x1625)
status Light: stable=True/False painted=848166 base=197029 other-base=0 green=0 | slot 395 colours 1189788px over 1 colours 0px (slot 788x1972)
menus Light: stable=True/True painted=848166 base=197022 other-base=0 green=0 | slot 80 colours 335672px over 1 colours 0px (slot 788x672)
command-bar Light: stable=True/True painted=848166 base=197846 other-base=0 green=0 | slot 53 colours 243485px over 1 colours 0px (slot 788x490)
settings Light: stable=True/True painted=848166 base=197031 other-base=0 green=0 | slot 118 colours 288331px over 1 colours 0px (slot 788x658)
overview Dark: stable=True/True painted=848166 base=198598 other-base=0 green=0 | slot 127 colours 607504px over 1 colours 0px (slot 788x1044)
tokens Dark: stable=True/True painted=848166 base=198598 other-base=0 green=0 | slot 270 colours 1527225px over 1 colours 0px (slot 788x2112)
materials Dark: stable=True/True painted=848166 base=257809 other-base=0 green=0 | slot 49 colours 338821px over 1 colours 0px (slot 788x618)
motion Dark: stable=True/True painted=848166 base=198598 other-base=0 green=0 | slot 62 colours 182017px over 1 colours 0px (slot 788x569)
buttons Dark: stable=True/True painted=848166 base=198598 other-base=0 green=0 | slot 92 colours 510583px over 1 colours 0px (slot 788x1046)
inputs Dark: stable=True/True painted=848166 base=198598 other-base=0 green=0 | slot 208 colours 1268137px over 1 colours 0px (slot 788x2011)
selection Dark: stable=True/True painted=848082 base=198598 other-base=0 green=0 | slot 223 colours 1431822px over 1 colours 0px (slot 788x2918)
navigation Dark: stable=True/True painted=848166 base=198598 other-base=0 green=0 | slot 180 colours 1013314px over 1 colours 0px (slot 788x1733)
surfaces Dark: stable=True/True painted=848166 base=198598 other-base=0 green=0 | slot 213 colours 965253px over 1 colours 0px (slot 788x1625)
status Dark: stable=True/False painted=848166 base=198598 other-base=0 green=0 | slot 286 colours 1189783px over 1 colours 0px (slot 788x1972)
menus Dark: stable=True/True painted=848166 base=198598 other-base=0 green=0 | slot 48 colours 335671px over 1 colours 0px (slot 788x672)
command-bar Dark: stable=True/True painted=848166 base=198598 other-base=0 green=0 | slot 52 colours 243485px over 1 colours 0px (slot 788x490)
settings Dark: stable=True/True painted=848166 base=198596 other-base=0 green=0 | slot 99 colours 288697px over 1 colours 0px (slot 788x658)
PASS 13 pages x 2 variants, 0 offender(s)
