C:\git\Jalium\FluentJalium\tests\FluentJalium.Tests\bin\Debug\net10.0-windows\FluentJalium.Tests.dll (.NETCoreApp,Version=v10.0)的测试运行
总共 1 个测试文件与指定模式相匹配。
[xUnit.net 00:00:06.75]     FluentJalium.Tests.AstraStateCellArrivalTests.A_disabled_tab_close_button_takes_the_disabled_row_its_own_style_cell_names [FAIL]
  失败 FluentJalium.Tests.AstraStateCellArrivalTests.A_disabled_tab_close_button_takes_the_disabled_row_its_own_style_cell_names [3 s]
  错误消息:
   Button reads #E4000000, not the #5C000000 that TabViewButtonForegroundDisabled carries - so the cell naming that row is not what writes this control.
  堆栈跟踪:
     at FluentJalium.Tests.AstraStateCellArrivalTests.AssertRow(Control carrier, String rowKey) in C:\git\Jalium\FluentJalium\tests\FluentJalium.Tests\AstraStateCellArrivalTests.cs:line 224
   at FluentJalium.Tests.AstraStateCellArrivalTests.<>c.<A_disabled_tab_close_button_takes_the_disabled_row_its_own_style_cell_names>b__12_0() in C:\git\Jalium\FluentJalium\tests\FluentJalium.Tests\AstraStateCellArrivalTests.cs:line 211
   at FluentJalium.Tests.AstraThemeRuntimeFixture.<>c__DisplayClass7_0.<Run>b__0() in C:\git\Jalium\FluentJalium\tests\FluentJalium.Tests\AstraThemeRuntimeTests.cs:line 61
--- End of stack trace from previous location ---
   at FluentJalium.Tests.AstraThemeRuntimeFixture.Run(Action work) in C:\git\Jalium\FluentJalium\tests\FluentJalium.Tests\AstraThemeRuntimeTests.cs:line 66
   at FluentJalium.Tests.AstraStateCellArrivalTests.A_disabled_tab_close_button_takes_the_disabled_row_its_own_style_cell_names() in C:\git\Jalium\FluentJalium\tests\FluentJalium.Tests\AstraStateCellArrivalTests.cs:line 202
   at System.Reflection.MethodBaseInvoker.InterpretedInvoke_Method(Object obj, IntPtr* args)
   at System.Reflection.MethodBaseInvoker.InvokeWithNoArgs(Object obj, BindingFlags invokeAttr)
[xUnit.net 00:00:10.78]     FluentJalium.Tests.AstraStateCellArrivalTests.A_disabled_tab_close_button_takes_the_disabled_row_written_for_its_part [FAIL]
  失败 FluentJalium.Tests.AstraStateCellArrivalTests.A_disabled_tab_close_button_takes_the_disabled_row_written_for_its_part [2 s]
  错误消息:
   Button reads #E4000000, not the #5C000000 that TabViewItemHeaderDisabledCloseButtonForeground carries - so the cell naming that row is not what writes this control.
  堆栈跟踪:
     at FluentJalium.Tests.AstraStateCellArrivalTests.AssertRow(Control carrier, String rowKey) in C:\git\Jalium\FluentJalium\tests\FluentJalium.Tests\AstraStateCellArrivalTests.cs:line 224
   at FluentJalium.Tests.AstraStateCellArrivalTests.<>c.<A_disabled_tab_close_button_takes_the_disabled_row_written_for_its_part>b__11_0() in C:\git\Jalium\FluentJalium\tests\FluentJalium.Tests\AstraStateCellArrivalTests.cs:line 193
   at FluentJalium.Tests.AstraThemeRuntimeFixture.<>c__DisplayClass7_0.<Run>b__0() in C:\git\Jalium\FluentJalium\tests\FluentJalium.Tests\AstraThemeRuntimeTests.cs:line 61
--- End of stack trace from previous location ---
   at FluentJalium.Tests.AstraThemeRuntimeFixture.Run(Action work) in C:\git\Jalium\FluentJalium\tests\FluentJalium.Tests\AstraThemeRuntimeTests.cs:line 66
   at FluentJalium.Tests.AstraStateCellArrivalTests.A_disabled_tab_close_button_takes_the_disabled_row_written_for_its_part() in C:\git\Jalium\FluentJalium\tests\FluentJalium.Tests\AstraStateCellArrivalTests.cs:line 183
   at System.RuntimeMethodHandle.InvokeMethod(ObjectHandleOnStack target, Void** arguments, ObjectHandleOnStack sig, BOOL isConstructor, ObjectHandleOnStack result)
   at System.Reflection.MethodBaseInvoker.InterpretedInvoke_Method(Object obj, IntPtr* args)
   at System.Reflection.RuntimeMethodInfo.Invoke(Object obj, BindingFlags invokeAttr, Binder binder, Object[] parameters, CultureInfo culture)

失败!  - 失败:     2，通过:     7，已跳过:     0，总计:     9，持续时间: 15 s - FluentJalium.Tests.dll (net10.0)
