  正在确定要还原的项目…
  所有项目均是最新的，无法还原。
  FluentJalium -> C:\git\Jalium\FluentJalium\src\FluentJalium\bin\Debug\net10.0-windows\FluentJalium.dll
  FluentJalium.Gallery -> C:\git\Jalium\FluentJalium\samples\FluentJalium.Gallery\bin\Debug\net10.0-windows\FluentJalium.Gallery.dll

已成功生成。
    0 个警告
    0 个错误

已用时间 00:00:04.84
gallery-build-exit=0
== overview area 1877x1240 dark-in-both 0 light-in-both 0
== tokens area 1877x1240 dark-in-both 0 light-in-both 0
== materials area 1877x1240 dark-in-both 0 light-in-both 0
== motion area 1877x1240 dark-in-both 0 light-in-both 1200
== buttons area 1877x1240 dark-in-both 0 light-in-both 0
== inputs area 1877x1240 dark-in-both 0 light-in-both 0
== selection area 1877x1240 dark-in-both 0 light-in-both 0
== navigation area 1877x1240 dark-in-both 0 light-in-both 0
== surfaces area 1877x1240 dark-in-both 0 light-in-both 0
== status area 1877x1240 dark-in-both 0 light-in-both 0
== menus area 1877x1240 dark-in-both 0 light-in-both 0
== command-bar area 1877x1240 dark-in-both 0 light-in-both 0
== settings area 1877x1240 dark-in-both 0 light-in-both 0
  正在确定要还原的项目…
  所有项目均是最新的，无法还原。
  FluentJalium -> C:\git\Jalium\FluentJalium\src\FluentJalium\bin\Debug\net10.0-windows\FluentJalium.dll
  FluentJalium.Tests -> C:\git\Jalium\FluentJalium\tests\FluentJalium.Tests\bin\Debug\net10.0-windows\FluentJalium.Tests.dll

已成功生成。
    0 个警告
    0 个错误

已用时间 00:00:03.01
tests-rebuild-exit=0
