==> restore
  正在确定要还原的项目…
  所有项目均是最新的，无法还原。
==> build (Debug)
  FluentJalium -> C:\git\Jalium\FluentJalium\src\FluentJalium\bin\Debug\net10.0-windows\FluentJalium.dll
  FluentJalium.Tests -> C:\git\Jalium\FluentJalium\tests\FluentJalium.Tests\bin\Debug\net10.0-windows\FluentJalium.Tests.dll
  FluentJalium.Gallery -> C:\git\Jalium\FluentJalium\samples\FluentJalium.Gallery\bin\Debug\net10.0-windows\FluentJalium.Gallery.dll

已成功生成。
    0 个警告
    0 个错误

已用时间 00:00:03.99
==> test suite (structure, resource keys, theme runtime)
C:\git\Jalium\FluentJalium\tests\FluentJalium.Tests\bin\Debug\net10.0-windows\FluentJalium.Tests.dll (.NETCoreApp,Version=v10.0)的测试运行
总共 1 个测试文件与指定模式相匹配。

已通过! - 失败:     0，通过:  1575，已跳过:     0，总计:  1575，持续时间: 7 m 22 s - FluentJalium.Tests.dll (net10.0)
==> build page pixel gate (Debug)
  正在确定要还原的项目…
  所有项目均是最新的，无法还原。
  FluentJalium -> C:\git\Jalium\FluentJalium\src\FluentJalium\bin\Debug\net10.0-windows\FluentJalium.dll
  FluentJalium.Gallery -> C:\git\Jalium\FluentJalium\samples\FluentJalium.Gallery\bin\Debug\net10.0-windows\FluentJalium.Gallery.dll
  AstraPagePixels -> C:\git\Jalium\FluentJalium\tools\AstraPagePixels\bin\Debug\net10.0-windows\AstraPagePixels.dll

已成功生成。
    0 个警告
    0 个错误

已用时间 00:00:04.69
==> gallery page pixels (13 pages x light, dark, high contrast)
overview Light: stable=True/True painted=848166 light-base=198611 dark-base=0 hc-base=0 placeholder=0 green=0 | slot 87 colours 607506px over 1 colours 0px (slot 788x1028) | top #FDFDFD:396210 #F9F9F9:224155 #F3F3F3:198611 #EAEAEA:8757 #FEFEFE:3474 #0078D4:3447
tokens Light: stable=True/True painted=848166 light-base=197487 dark-base=0 hc-base=0 placeholder=0 green=0 | slot 268 colours 1531859px over 1 colours 0px (slot 788x2112) | top #FDFDFD:314980 #F9F9F9:207659 #F3F3F3:197487 #0078D4:23193 #EEEEEE:10142 #FEFEFE:9266
materials Light: stable=True/True painted=848166 light-base=256758 dark-base=0 hc-base=0 placeholder=0 green=0 | slot 48 colours 338822px over 1 colours 0px (slot 788x618) | top #F9F9F9:289042 #F3F3F3:256758 #FDFDFD:244462 #EBEBEB:31232 #EAEAEA:8755 #F1F1F1:2821
motion Light: stable=True/True painted=848166 light-base=197024 dark-base=0 hc-base=0 placeholder=0 green=0 | slot 67 colours 182017px over 1 colours 0px (slot 788x569) | top #F9F9F9:381739 #FDFDFD:243113 #F3F3F3:197024 #EAEAEA:8754 #0078D4:6294 #EFEFEF:1848
buttons Light: stable=True/True painted=848166 light-base=197033 dark-base=0 hc-base=0 placeholder=0 green=0 | slot 130 colours 510585px over 1 colours 0px (slot 788x1046) | top #FDFDFD:319955 #F9F9F9:296670 #F3F3F3:197033 #EAEAEA:8843 #F1F1F1:3576 #FEFEFE:2513
inputs Light: stable=True/True painted=848166 light-base=197460 dark-base=0 hc-base=0 placeholder=0 green=0 | slot 284 colours 1268083px over 1 colours 0px (slot 788x2011) | top #FDFDFD:361288 #F3F3F3:197460 #F9F9F9:197442 #FEFEFE:52867 #FCFCFC:12246 #EAEAEA:8754
selection Light: stable=True/True painted=848166 light-base=197025 dark-base=0 hc-base=0 placeholder=0 green=0 | slot 253 colours 1409709px over 1 colours 0px (slot 788x2918) | top #FDFDFD:380953 #F9F9F9:246215 #F3F3F3:197025 #EAEAEA:8754 #F1F1F1:3395 #F7F7F7:2855
navigation Light: stable=True/True painted=848166 light-base=197032 dark-base=0 hc-base=0 placeholder=0 green=0 | slot 156 colours 1013316px over 1 colours 0px (slot 788x1733) | top #FDFDFD:347281 #F9F9F9:272231 #F3F3F3:197032 #EAEAEA:8754 #FEFEFE:7126 #F1F1F1:4412
surfaces Light: stable=True/True painted=848166 light-base=197851 dark-base=0 hc-base=0 placeholder=0 green=0 | slot 178 colours 965255px over 1 colours 0px (slot 788x1625) | top #FDFDFD:289664 #F9F9F9:285910 #F3F3F3:197851 #FEFEFE:42033 #EAEAEA:8755 #F7F7F7:4600
status Light: stable=True/False painted=848166 light-base=197029 dark-base=0 hc-base=0 placeholder=0 green=0 | slot 395 colours 1189788px over 1 colours 0px (slot 788x1972) | top #FDFDFD:372495 #F9F9F9:253320 #F3F3F3:197029 #EAEAEA:8754 #F1F1F1:4183 #F7F7F7:3416
menus Light: stable=True/True painted=848166 light-base=197022 dark-base=0 hc-base=0 placeholder=0 green=0 | slot 80 colours 335672px over 1 colours 0px (slot 788x672) | top #FDFDFD:340254 #F9F9F9:287982 #F3F3F3:197022 #EAEAEA:8757 #F1F1F1:4175 #F7F7F7:2345
command-bar Light: stable=True/True painted=848166 light-base=197846 dark-base=0 hc-base=0 placeholder=0 green=0 | slot 53 colours 243485px over 1 colours 0px (slot 788x490) | top #FDFDFD:365017 #F9F9F9:255680 #F3F3F3:197846 #EAEAEA:8754 #FEFEFE:4433 #F1F1F1:3950
settings Light: stable=True/True painted=848166 light-base=197031 dark-base=0 hc-base=0 placeholder=0 green=0 | slot 118 colours 288331px over 1 colours 0px (slot 788x658) | top #FDFDFD:333464 #F9F9F9:278528 #F3F3F3:197031 #FEFEFE:11833 #EAEAEA:8765 #F1F1F1:4134
overview Dark: stable=True/True painted=848166 light-base=0 dark-base=198598 hc-base=0 placeholder=0 green=0 | slot 127 colours 607504px over 1 colours 0px (slot 788x1044) | top #333333:396176 #282828:221801 #202020:198598 #2D2D2D:8013 #272727:3668 #3F3F3F:3475
tokens Dark: stable=True/True painted=848166 light-base=0 dark-base=198598 hc-base=0 placeholder=0 green=0 | slot 313 colours 1527225px over 1 colours 0px (slot 788x2112) | top #333333:314868 #202020:198598 #282828:194251 #60CDFF:23193 #414141:9698 #3F3F3F:9622
materials Dark: stable=True/True painted=848166 light-base=0 dark-base=257809 hc-base=0 placeholder=0 green=0 | slot 49 colours 338821px over 1 colours 0px (slot 788x618) | top #282828:288193 #202020:257809 #333333:244463 #1C1C1C:31003 #2D2D2D:8008 #272727:2725
motion Dark: stable=True/True painted=848166 light-base=0 dark-base=198598 hc-base=0 placeholder=0 green=0 | slot 62 colours 182017px over 1 colours 0px (slot 788x569) | top #282828:381764 #333333:243107 #202020:198598 #2D2D2D:8008 #60CDFF:6296 #323232:2169
buttons Dark: stable=True/True painted=848166 light-base=0 dark-base=198598 hc-base=0 placeholder=0 green=0 | slot 92 colours 510583px over 1 colours 0px (slot 788x1046) | top #333333:319816 #282828:296665 #202020:198598 #2D2D2D:8009 #272727:3570 #313131:3129
inputs Dark: stable=True/True painted=848166 light-base=0 dark-base=198598 hc-base=0 placeholder=0 green=0 | slot 208 colours 1268137px over 1 colours 0px (slot 788x2011) | top #333333:361290 #202020:198598 #282828:196579 #3F3F3F:53305 #3C3C3C:13237 #2D2D2D:8007
selection Dark: stable=True/True painted=848082 light-base=0 dark-base=198598 hc-base=0 placeholder=0 green=0 | slot 223 colours 1431822px over 1 colours 0px (slot 788x2918) | top #333333:380959 #282828:246231 #202020:198598 #2D2D2D:8007 #313131:3126 #272727:2851
navigation Dark: stable=True/True painted=848166 light-base=0 dark-base=198598 hc-base=0 placeholder=0 green=0 | slot 180 colours 1013314px over 1 colours 0px (slot 788x1733) | top #333333:347281 #282828:272246 #202020:198598 #2D2D2D:8009 #3F3F3F:7128 #272727:4376
surfaces Dark: stable=True/True painted=848166 light-base=0 dark-base=198598 hc-base=0 placeholder=0 green=0 | slot 213 colours 965253px over 1 colours 0px (slot 788x1625) | top #333333:289625 #282828:259628 #202020:198598 #3D3D3D:32316 #393939:26314 #3F3F3F:9723
status Dark: stable=True/False painted=848166 light-base=0 dark-base=198598 hc-base=0 placeholder=0 green=0 | slot 285 colours 1189783px over 1 colours 0px (slot 788x1972) | top #333333:372489 #282828:253324 #202020:198598 #2D2D2D:8007 #272727:3617 #313131:3130
menus Dark: stable=True/True painted=848166 light-base=0 dark-base=198598 hc-base=0 placeholder=0 green=0 | slot 48 colours 335671px over 1 colours 0px (slot 788x672) | top #333333:340257 #282828:287997 #202020:198598 #2D2D2D:8010 #272727:3582 #313131:3125
command-bar Dark: stable=True/True painted=848166 light-base=0 dark-base=198598 hc-base=0 placeholder=0 green=0 | slot 52 colours 243485px over 1 colours 0px (slot 788x490) | top #333333:364906 #282828:255693 #202020:198598 #2D2D2D:8007 #3F3F3F:4435 #60CDFF:3013
settings Dark: stable=True/True painted=848166 light-base=0 dark-base=198596 hc-base=0 placeholder=0 green=0 | slot 99 colours 288697px over 1 colours 0px (slot 788x658) | top #333333:333465 #282828:276992 #202020:198596 #3F3F3F:11839 #2D2D2D:8009 #272727:6146
overview HighContrast: stable=True/True painted=848166 light-base=0 dark-base=0 hc-base=817927 placeholder=0 green=0 | slot 132 colours 609098px over 1 colours 0px (slot 788x1044) | top #1C1C1E:817927 #2C2C2E:11467 #5A5A5C:4521 #B7B7B9:4496 #F5F5F7:2344 #79797B:1701
tokens HighContrast: stable=True/True painted=848166 light-base=0 dark-base=0 hc-base=742619 placeholder=0 green=0 | slot 121 colours 1531866px over 1 colours 0px (slot 788x2112) | top #1C1C1E:742619 #2C2C2E:49703 #F5F5F7:25511 #5A5A5C:5919 #636366:4633 #B7B7B9:4584
materials HighContrast: stable=True/True painted=848166 light-base=0 dark-base=0 hc-base=789377 placeholder=0 green=0 | slot 41 colours 338832px over 1 colours 0px (slot 788x618) | top #1C1C1E:789377 #F5F5F7:32574 #2C2C2E:8007 #B7B7B9:3630 #5A5A5C:3588 #98989A:3065
motion HighContrast: stable=True/True painted=848166 light-base=0 dark-base=0 hc-base=827751 placeholder=0 green=0 | slot 60 colours 182807px over 1 colours 0px (slot 788x569) | top #1C1C1E:827751 #2C2C2E:8006 #F5F5F7:2352 #3B3B3D:1954 #D6D6D8:1953 #B7B7B9:1922
buttons HighContrast: stable=True/True painted=848166 light-base=0 dark-base=0 hc-base=816691 placeholder=0 green=0 | slot 183 colours 512959px over 1 colours 0px (slot 788x1046) | top #1C1C1E:816691 #2C2C2E:12954 #B7B7B9:2709 #5A5A5C:2709 #79797B:2498 #98989A:2418
inputs HighContrast: stable=True/True painted=848166 light-base=0 dark-base=0 hc-base=754344 placeholder=0 green=0 | slot 199 colours 1273757px over 1 colours 0px (slot 788x2011) | top #1C1C1E:754344 #2C2C2E:73106 #5A5A5C:2938 #98989A:2544 #79797B:2115 #B7B7B9:2070
selection HighContrast: stable=True/True painted=848166 light-base=0 dark-base=0 hc-base=824419 placeholder=0 green=0 | slot 201 colours 1437423px over 1 colours 0px (slot 788x2918) | top #1C1C1E:824419 #2C2C2E:8807 #F5F5F7:2451 #98989A:2336 #79797B:2330 #5A5A5C:2026
navigation HighContrast: stable=True/True painted=848166 light-base=0 dark-base=0 hc-base=815319 placeholder=0 green=0 | slot 195 colours 1018831px over 1 colours 0px (slot 788x1733) | top #1C1C1E:815319 #2C2C2E:15130 #B7B7B9:3523 #5A5A5C:3523 #3B3B3D:2036 #D6D6D8:2034
surfaces HighContrast: stable=True/True painted=848166 light-base=0 dark-base=0 hc-base=808341 placeholder=0 green=0 | slot 184 colours 969984px over 1 colours 0px (slot 788x1625) | top #1C1C1E:808341 #2C2C2E:17721 #98989A:5786 #79797B:5482 #F5F5F7:2253 #3B3B3D:2134
status HighContrast: stable=True/True painted=848166 light-base=0 dark-base=0 hc-base=824029 placeholder=0 green=0 | slot 180 colours 1193729px over 1 colours 0px (slot 788x1972) | top #1C1C1E:824029 #2C2C2E:8925 #98989A:3973 #79797B:3113 #F5F5F7:1574 #D6D6D8:1314
menus HighContrast: stable=True/True painted=848166 light-base=0 dark-base=0 hc-base=824851 placeholder=0 green=0 | slot 93 colours 337249px over 1 colours 0px (slot 788x672) | top #1C1C1E:824851 #2C2C2E:8009 #5A5A5C:2727 #B7B7B9:2726 #79797B:2328 #98989A:2327
command-bar HighContrast: stable=True/True painted=848166 light-base=0 dark-base=0 hc-base=816821 placeholder=0 green=0 | slot 84 colours 245058px over 1 colours 0px (slot 788x490) | top #1C1C1E:816821 #2C2C2E:12440 #252527:3097 #79797B:2559 #98989A:2415 #B7B7B9:1990
settings HighContrast: stable=True/True painted=848166 light-base=0 dark-base=0 hc-base=807034 placeholder=0 green=0 | slot 143 colours 292630px over 1 colours 0px (slot 788x658) | top #1C1C1E:807034 #2C2C2E:20273 #B7B7B9:4282 #5A5A5C:4282 #F5F5F7:2461 #3B3B3D:2172
PASS 13 pages x 3 variants, 0 offender(s)
==> palette drift
Light : 83 source colors, 101 resolved brushes; checked=True
Dark : 83 source colors, 101 resolved brushes; checked=True
HighContrast : 101 mapped keys; upstream keys held back because the palette has no entry for them [AccentControlElevationBorderBrush CircleElevationBorderBrush ControlElevationBorderBrush]; checked=True
==> public resource key inventory
keys.md is current: 1312 canonical lines.
==> known gap inventory
known-gaps.md is current: 800 canonical lines.
All Astra gates passed.
gate exit=0
