  正在确定要还原的项目…
  所有项目均是最新的，无法还原。
  FluentJalium -> C:\git\Jalium\FluentJalium\src\FluentJalium\bin\Debug\net10.0-windows\FluentJalium.dll
  FluentJalium.Tests -> C:\git\Jalium\FluentJalium\tests\FluentJalium.Tests\bin\Debug\net10.0-windows\FluentJalium.Tests.dll
C:\git\Jalium\FluentJalium\tests\FluentJalium.Tests\bin\Debug\net10.0-windows\FluentJalium.Tests.dll (.NETCoreApp,Version=v10.0)的测试运行
总共 1 个测试文件与指定模式相匹配。
[xUnit.net 00:00:02.80]     FluentJalium.Tests.AstraNumberBoxTests.A_focused_compact_numberbox_opens_its_spinner_popup [FAIL]
  失败 FluentJalium.Tests.AstraNumberBoxTests.A_focused_compact_numberbox_opens_its_spinner_popup [60 ms]
  错误消息:
   Assert.True() Failure
Expected: True
Actual:   False
  堆栈跟踪:
     at FluentJalium.Tests.AstraNumberBoxTests.<A_focused_compact_numberbox_opens_its_spinner_popup>b__16_0() in C:\git\Jalium\FluentJalium\tests\FluentJalium.Tests\AstraNumberBoxTests.cs:line 316
   at FluentJalium.Tests.AstraThemeRuntimeFixture.<>c__DisplayClass7_0.<Run>b__0() in C:\git\Jalium\FluentJalium\tests\FluentJalium.Tests\AstraThemeRuntimeTests.cs:line 61
--- End of stack trace from previous location ---
   at FluentJalium.Tests.AstraThemeRuntimeFixture.Run(Action work) in C:\git\Jalium\FluentJalium\tests\FluentJalium.Tests\AstraThemeRuntimeTests.cs:line 66
   at FluentJalium.Tests.AstraNumberBoxTests.A_focused_compact_numberbox_opens_its_spinner_popup() in C:\git\Jalium\FluentJalium\tests\FluentJalium.Tests\AstraNumberBoxTests.cs:line 305
   at System.Reflection.MethodBaseInvoker.InterpretedInvoke_Method(Object obj, IntPtr* args)
   at System.Reflection.MethodBaseInvoker.InvokeWithNoArgs(Object obj, BindingFlags invokeAttr)

失败!  - 失败:     1，通过:     1，已跳过:     0，总计:     2，持续时间: 1 s - FluentJalium.Tests.dll (net10.0)
