==> restore
  正在确定要还原的项目…
  所有项目均是最新的，无法还原。
==> build (Debug)
  FluentJalium -> C:\git\Jalium\FluentJalium\src\FluentJalium\bin\Debug\net10.0-windows\FluentJalium.dll
  FluentJalium.Gallery -> C:\git\Jalium\FluentJalium\samples\FluentJalium.Gallery\bin\Debug\net10.0-windows\FluentJalium.Gallery.dll
  FluentJalium.Tests -> C:\git\Jalium\FluentJalium\tests\FluentJalium.Tests\bin\Debug\net10.0-windows\FluentJalium.Tests.dll

已成功生成。
    0 个警告
    0 个错误

已用时间 00:03:18.59
==> test suite (structure, resource keys, theme runtime)
C:\git\Jalium\FluentJalium\tests\FluentJalium.Tests\bin\Debug\net10.0-windows\FluentJalium.Tests.dll (.NETCoreApp,Version=v10.0)的测试运行
总共 1 个测试文件与指定模式相匹配。
[xUnit.net 00:01:27.04]     FluentJalium.Tests.AstraWindowShellTests.The_title_bar_surface_reaches_the_pixels_and_follows_the_theme [FAIL]
  失败 FluentJalium.Tests.AstraWindowShellTests.The_title_bar_surface_reaches_the_pixels_and_follows_the_theme [1 s]
  错误消息:
   capture never settled: #F3F3F3x13920 #EAEAEAx1461 #1A1A1Ax56 #A0A0A0x32 #191919x11 #C9C9C9x8
  堆栈跟踪:
     at FluentJalium.Tests.AstraWindowShellTests.<>c.<The_title_bar_surface_reaches_the_pixels_and_follows_the_theme>b__6_0() in C:\git\Jalium\FluentJalium\tests\FluentJalium.Tests\AstraWindowShellTests.cs:line 72
   at FluentJalium.Tests.AstraThemeRuntimeFixture.<>c__DisplayClass7_0.<Run>b__0() in C:\git\Jalium\FluentJalium\tests\FluentJalium.Tests\AstraThemeRuntimeTests.cs:line 61
--- End of stack trace from previous location ---
   at FluentJalium.Tests.AstraThemeRuntimeFixture.Run(Action work) in C:\git\Jalium\FluentJalium\tests\FluentJalium.Tests\AstraThemeRuntimeTests.cs:line 66
   at FluentJalium.Tests.AstraWindowShellTests.The_title_bar_surface_reaches_the_pixels_and_follows_the_theme() in C:\git\Jalium\FluentJalium\tests\FluentJalium.Tests\AstraWindowShellTests.cs:line 67
   at System.RuntimeMethodHandle.InvokeMethod(ObjectHandleOnStack target, Void** arguments, ObjectHandleOnStack sig, BOOL isConstructor, ObjectHandleOnStack result)
   at System.Reflection.MethodBaseInvoker.InterpretedInvoke_Method(Object obj, IntPtr* args)
   at System.Reflection.RuntimeMethodInfo.Invoke(Object obj, BindingFlags invokeAttr, Binder binder, Object[] parameters, CultureInfo culture)
[xUnit.net 00:01:42.38]     FluentJalium.Tests.AstraTreeViewTests.Selecting_raises_the_pill_and_leaves_the_fill_subtle [FAIL]
  失败 FluentJalium.Tests.AstraTreeViewTests.Selecting_raises_the_pill_and_leaves_the_fill_subtle [464 ms]
  错误消息:
   Assert.Equal() Failure: Values differ
Expected: #00FFFFFF
Actual:   #09000000
  堆栈跟踪:
     at FluentJalium.Tests.AstraTreeViewTests.<>c.<Selecting_raises_the_pill_and_leaves_the_fill_subtle>b__22_0() in C:\git\Jalium\FluentJalium\tests\FluentJalium.Tests\AstraTreeViewTests.cs:line 399
   at FluentJalium.Tests.AstraThemeRuntimeFixture.<>c__DisplayClass7_0.<Run>b__0() in C:\git\Jalium\FluentJalium\tests\FluentJalium.Tests\AstraThemeRuntimeTests.cs:line 61
--- End of stack trace from previous location ---
   at FluentJalium.Tests.AstraThemeRuntimeFixture.Run(Action work) in C:\git\Jalium\FluentJalium\tests\FluentJalium.Tests\AstraThemeRuntimeTests.cs:line 66
   at FluentJalium.Tests.AstraTreeViewTests.Selecting_raises_the_pill_and_leaves_the_fill_subtle() in C:\git\Jalium\FluentJalium\tests\FluentJalium.Tests\AstraTreeViewTests.cs:line 392
   at System.RuntimeMethodHandle.InvokeMethod(ObjectHandleOnStack target, Void** arguments, ObjectHandleOnStack sig, BOOL isConstructor, ObjectHandleOnStack result)
   at System.Reflection.MethodBaseInvoker.InterpretedInvoke_Method(Object obj, IntPtr* args)
   at System.Reflection.RuntimeMethodInfo.Invoke(Object obj, BindingFlags invokeAttr, Binder binder, Object[] parameters, CultureInfo culture)
[xUnit.net 00:02:54.59]     FluentJalium.Tests.AstraTeachingTipTests.A_side_with_no_room_for_the_card_loses_to_one_that_has [FAIL]
  失败 FluentJalium.Tests.AstraTeachingTipTests.A_side_with_no_room_for_the_card_loses_to_one_that_has [7 s]
  错误消息:
   Assert.Multiple() Failure: Multiple failures were encountered
---- Assert.Equal() Failure: Values differ
Expected: Bottom
Actual:   Top
---- the flipped card did not move to the anchor's bottom edge: -185.9
  堆栈跟踪:
  Inner stack traces:
----- Inner Stack Trace #1 (Xunit.Sdk.EqualException) -----
   at FluentJalium.Tests.AstraTeachingTipTests.<>c__DisplayClass20_0.<A_side_with_no_room_for_the_card_loses_to_one_that_has>b__1() in C:\git\Jalium\FluentJalium\tests\FluentJalium.Tests\AstraTeachingTipTests.cs:line 487
----- Inner Stack Trace #2 (Xunit.Sdk.TrueException) -----
   at FluentJalium.Tests.AstraTeachingTipTests.<A_side_with_no_room_for_the_card_loses_to_one_that_has>b__20_2() in C:\git\Jalium\FluentJalium\tests\FluentJalium.Tests\AstraTeachingTipTests.cs:line 488
