cursor at start (untouched for the whole run): (1775,507)
window at (500,200) size 406.2857142857143x313.14285714285717 dpi=1.75
window fields that look input-shaped: WindowInputDispatcher _inputDispatcher | Dispatcher _dispatcher
ACQUIRE=ok via _inputDispatcher : Jalium.UI.Controls.WindowInputDispatcher (type public? False)
the three calls this mode makes, as the framework declares them:
   public HandleMouseMove(Point position, MouseButtonStates buttons, ModifierKeys modifiers, Int32 timestamp)
   public HandleMouseDown(MouseButton button, Point position, MouseButtonStates buttons, ModifierKeys modifiers, Int32 clickCount, Int32 timestamp)
   public HandleMouseUp(MouseButton button, Point position, MouseButtonStates buttons, ModifierKeys modifiers, Int32 timestamp)

leg 0: nothing fed yet - the resting picture is the control
   live : IsMouseOver=False IsPressed=False
   plain: IsMouseOver=False IsPressed=False 200x44 distinct=2 top=#FF00FFx8316 #000000x484

leg 1: HandleMouseMove - what position space does the router read?
   diagnostics: LastMouseOverElement present, HandleNativeCaptureChanged present
   plain centre in canvas numbers (200,222), live (200,162)
HOVER=ok via swept (108,240)
   plain's canvas rect is x 100..300 y 200..244, and the first point the router agrees is inside it is (108,240): the router's space is neither the canvas numbers nor those numbers times DPI, so the point has to be found by sweeping, not by arithmetic
   held hover, plain template: IsMouseOver=True 200x44 distinct=2 top=#00FF00x8316 #000000x484
   how long one feed lasts: immediate=True after 1 frame=False after 6 frames=False

leg 2: the real Fluent template - the style cells this library ships are the thing being measured
   held hover, default template: IsMouseOver=True part bg=Border 200x44 distinct=7 top=#FF00FFx8296 #E300E3x456 #000000x12 #E200E2x12
   state on the default template is hover; the picture above is what the template transition settles to under a held pointer, and it is not the hover colour

leg 3: HandleMouseDown - the press chain, then Click on release
   immediately after down: plain.IsPressed=True bg=#FFA500 effective=#FFA500
   immediately:  IsPressed=True 200x44 distinct=2 top=#FFA500x8316 #000000x484
   after 1 frame: IsPressed=True 200x44 distinct=2 top=#FFA500x8316 #000000x484
   re-fed +4:     IsPressed=False 200x44 distinct=2 top=#00FF00x8316 #000000x484

leg 4: HandleMouseUp - the release has to land the click through the button's own logic
   fed HandleNativeCaptureChanged(11276228,11276228) before releasing
   plain: IsPressed=False IsMouseOver=True clicks=0 200x44 distinct=2 top=#00FF00x8316 #000000x484

leg 5: move away - hover has to leave, or the state was never following the pointer
   plain: IsMouseOver=False IsPressed=False 200x44 distinct=2 top=#FF00FFx8316 #000000x484

cursor at end: (1775,507) unchanged=True
VERDICT failures=2
   FAIL synthetic hover fill on the default template: expected >=4000 pixels of #00FF00, got 0
   FAIL click never fired: the down/up pair reached the press state but not the button's own logic, so a click cannot be evidenced this way
wrote C:\git\Jalium\FluentJalium\spike\PointerProbe\bin\Release\net10.0-windows\pointer-synth.txt (42 lines)
